[
  {
    "description": "should open an angular page and demonstrate 2-way binding",
    "assertions": [
      {
        "passed": true
      }
    ],
    "duration": 0
  },
  {
    "description": "should open an angular page and demonstrate 2-way binding",
    "assertions": [
      {
        "passed": true
      }
    ],
    "duration": 0
  }
]